
teste iniciado
Could not find a Cypress configuration file, exiting.

We looked but did not find a cypress.json file in this folder: /home/victor
passou - testes executados!
allure-results does not exist
Report successfully generated to allure-report
jobs finalizados!
teste iniciado
Could not find a Cypress configuration file, exiting.

We looked but did not find a cypress.json file in this folder: /home/victor
passou - testes executados!
allure-results does not exist
Report successfully generated to allure-report
jobs finalizados!
teste iniciado
Could not find a Cypress configuration file, exiting.

We looked but did not find a cypress.json file in this folder: /home/victor
passou - testes executados!
allure-results does not exist
Report successfully generated to allure-report
jobs finalizados!
teste iniciado
Could not find a Cypress configuration file, exiting.

We looked but did not find a cypress.json file in this folder: /home/victor
passou - testes executados!
allure-results does not exist
Report successfully generated to allure-report
jobs finalizados!
teste iniciado
Could not find a Cypress configuration file, exiting.

We looked but did not find a cypress.json file in this folder: /home/victor
passou - testes executados!
allure-results does not exist
Report successfully generated to allure-report
jobs finalizados!
